INFO:root:info test
DEBUG:root:debug test
